Restarting app...
Clicking at (948, 1956)
Clicking at (500, 1400)
Typing text: TestProgressTask
Clicking at (540, 2050)
Clicking at (329, 2214)
Found task at y=786. Clicking play button at x=800, y=866
Clicking at (800, 866)
Focus started, waiting 5 seconds...
Navigating back to Home...
Screenshot saved to final_home_screen.png
Found match in line: node index="0" text="" resource-id="android:id/content" class="android.view.ViewGroup" package="com.pomodoroalert" content-desc="" checkable="false" checked="false" clickable="false" enabled="true" focusable="false" focused="false" scrollable="false" long-clickable="false" password="false" selected="false" bounds="[0,0][1080,2376]" drawing-order="0" hint=""
Found match in line: node index="0" text="" resource-id="" class="android.view.View" package="com.pomodoroalert" content-desc="" checkable="false" checked="false" clickable="false" enabled="true" focusable="false" focused="false" scrollable="false" long-clickable="false" password="false" selected="false" bounds="[0,0][1080,2376]" drawing-order="0" hint=""
Found match in line: node index="0" text="" resource-id="" class="android.view.View" package="com.pomodoroalert" content-desc="" checkable="false" checked="false" clickable="false" enabled="true" focusable="false" focused="false" scrollable="false" long-clickable="false" password="false" selected="false" bounds="[0,0][1080,2376]" drawing-order="0" hint=""
Found match in line: node index="0" text="" resource-id="" class="android.view.View" package="com.pomodoroalert" content-desc="" checkable="false" checked="false" clickable="false" enabled="true" focusable="false" focused="false" scrollable="false" long-clickable="false" password="false" selected="false" bounds="[0,1758][1080,2376]" drawing-order="0" hint="" /
Found match in line: node index="1" text="" resource-id="" class="android.view.View" package="com.pomodoroalert" content-desc="" checkable="false" checked="false" clickable="false" enabled="true" focusable="false" focused="false" scrollable="false" long-clickable="false" password="false" selected="false" bounds="[0,0][1080,1758]" drawing-order="0" hint=""
Found match in line: node index="0" text="" resource-id="" class="android.view.View" package="com.pomodoroalert" content-desc="" checkable="false" checked="false" clickable="false" enabled="true" focusable="false" focused="false" scrollable="false" long-clickable="false" password="false" selected="false" bounds="[492,618][588,762]" drawing-order="0" hint=""
Found match in line: node index="1" text="添加项目 / 任务" resource-id="" class="android.widget.TextView" package="com.pomodoroalert" content-desc="" checkable="false" checked="false" clickable="false" enabled="true" focusable="false" focused="false" scrollable="false" long-clickable="false" password="false" selected="false" bounds="[72,834][497,906]" drawing-order="0" hint="" /
Found match in line: node index="2" text="任务分组" resource-id="" class="android.widget.TextView" package="com.pomodoroalert" content-desc="" checkable="false" checked="false" clickable="false" enabled="true" focusable="false" focused="false" scrollable="false" long-clickable="false" password="false" selected="false" bounds="[72,954][222,1026]" drawing-order="0" hint="" /
Found match in line: node index="3" text="" resource-id="" class="android.view.View" package="com.pomodoroalert" content-desc="" checkable="false" checked="false" clickable="true" enabled="true" focusable="true" focused="false" scrollable="false" long-clickable="false" password="false" selected="false" bounds="[72,1038][288,1182]" drawing-order="0" hint=""
Found match in line: node index="0" text="工作" resource-id="" class="android.widget.TextView" package="com.pomodoroalert" content-desc="" checkable="false" checked="false" clickable="false" enabled="true" focusable="false" focused="false" scrollable="false" long-clickable="false" password="false" selected="false" bounds="[143,1074][218,1146]" drawing-order="0" hint="" /
Found match in line: node index="4" text="" resource-id="" class="android.view.View" package="com.pomodoroalert" content-desc="" checkable="false" checked="false" clickable="true" enabled="true" focusable="true" focused="false" scrollable="false" long-clickable="false" password="false" selected="false" bounds="[312,1038][528,1182]" drawing-order="0" hint=""
Found match in line: node index="0" text="学习" resource-id="" class="android.widget.TextView" package="com.pomodoroalert" content-desc="" checkable="false" checked="false" clickable="false" enabled="true" focusable="false" focused="false" scrollable="false" long-clickable="false" password="false" selected="false" bounds="[383,1074][458,1146]" drawing-order="0" hint="" /
Found match in line: node index="5" text="" resource-id="" class="android.view.View" package="com.pomodoroalert" content-desc="" checkable="false" checked="false" clickable="true" enabled="true" focusable="true" focused="false" scrollable="false" long-clickable="false" password="false" selected="false" bounds="[552,1038][768,1182]" drawing-order="0" hint=""
Found match in line: node index="0" text="个人" resource-id="" class="android.widget.TextView" package="com.pomodoroalert" content-desc="" checkable="false" checked="false" clickable="false" enabled="true" focusable="false" focused="false" scrollable="false" long-clickable="false" password="false" selected="false" bounds="[623,1074][698,1146]" drawing-order="0" hint="" /
Found match in line: node index="6" text="" resource-id="" class="android.view.View" package="com.pomodoroalert" content-desc="" checkable="false" checked="false" clickable="true" enabled="true" focusable="true" focused="false" scrollable="false" long-clickable="false" password="false" selected="false" bounds="[792,1038][1008,1182]" drawing-order="0" hint=""
Found match in line: node index="0" text="杂项" resource-id="" class="android.widget.TextView" package="com.pomodoroalert" content-desc="" checkable="false" checked="false" clickable="false" enabled="true" focusable="false" focused="false" scrollable="false" long-clickable="false" password="false" selected="false" bounds="[863,1074][938,1146]" drawing-order="0" hint="" /
Found match in line: node index="7" text="项目 / 任务名称" resource-id="" class="android.widget.TextView" package="com.pomodoroalert" content-desc="" checkable="false" checked="false" clickable="false" enabled="true" focusable="false" focused="false" scrollable="false" long-clickable="false" password="false" selected="false" bounds="[72,1224][332,1296]" drawing-order="0" hint="" /
Found match in line: node index="8" text="TestProgressTaskv，" resource-id="" class="android.widget.EditText" package="com.pomodoroalert" content-desc="" checkable="false" checked="false" clickable="true" enabled="true" focusable="true" focused="true" scrollable="false" long-clickable="true" password="false" selected="false" bounds="[72,1320][1008,1488]" drawing-order="0" hint=""
Found match in line: node index="0" text="" resource-id="" class="android.view.View" package="com.pomodoroalert" content-desc="" checkable="false" checked="false" clickable="false" enabled="true" focusable="false" focused="false" scrollable="false" long-clickable="false" password="false" selected="false" bounds="[120,1368][960,1440]" drawing-order="0" hint="" /
Found match in line: node index="9" text="专注时长" resource-id="" class="android.widget.TextView" package="com.pomodoroalert" content-desc="" checkable="false" checked="false" clickable="false" enabled="true" focusable="false" focused="false" scrollable="false" long-clickable="false" password="false" selected="false" bounds="[72,1542][222,1614]" drawing-order="0" hint="" /
Found match in line: node index="10" text="" resource-id="" class="android.view.View" package="com.pomodoroalert" content-desc="" checkable="false" checked="false" clickable="true" enabled="true" focusable="true" focused="false" scrollable="false" long-clickable="false" password="false" selected="false" bounds="[72,1626][368,1770]" drawing-order="0" hint=""
Found match in line: node index="0" text="25分钟" resource-id="" class="android.widget.TextView" package="com.pomodoroalert" content-desc="" checkable="false" checked="false" clickable="false" enabled="true" focusable="false" focused="false" scrollable="false" long-clickable="false" password="false" selected="false" bounds="[159,1662][282,1734]" drawing-order="0" hint="" /
Found match in line: node index="11" text="" resource-id="" class="android.view.View" package="com.pomodoroalert" content-desc="" checkable="false" checked="false" clickable="true" enabled="true" focusable="true" focused="false" scrollable="false" long-clickable="false" password="false" selected="false" bounds="[392,1626][688,1770]" drawing-order="0" hint=""
Found match in line: node index="0" text="45分钟" resource-id="" class="android.widget.TextView" package="com.pomodoroalert" content-desc="" checkable="false" checked="false" clickable="false" enabled="true" focusable="false" focused="false" scrollable="false" long-clickable="false" password="false" selected="false" bounds="[478,1662][602,1734]" drawing-order="0" hint="" /
Found match in line: node index="12" text="" resource-id="" class="android.view.View" package="com.pomodoroalert" content-desc="" checkable="false" checked="false" clickable="true" enabled="true" focusable="true" focused="false" scrollable="false" long-clickable="false" password="false" selected="false" bounds="[712,1626][1008,1770]" drawing-order="0" hint=""
Found match in line: node index="0" text="60分钟" resource-id="" class="android.widget.TextView" package="com.pomodoroalert" content-desc="" checkable="false" checked="false" clickable="false" enabled="true" focusable="false" focused="false" scrollable="false" long-clickable="false" password="false" selected="false" bounds="[798,1662][923,1734]" drawing-order="0" hint="" /
Found match in line: node index="13" text="截止日期" resource-id="" class="android.widget.TextView" package="com.pomodoroalert" content-desc="" checkable="false" checked="false" clickable="false" enabled="true" focusable="false" focused="false" scrollable="false" long-clickable="false" password="false" selected="false" bounds="[72,1812][222,1884]" drawing-order="0" hint="" /
Found match in line: node index="14" text="" resource-id="" class="android.view.View" package="com.pomodoroalert" content-desc="" checkable="false" checked="false" clickable="true" enabled="true" focusable="true" focused="false" scrollable="false" long-clickable="false" password="false" selected="false" bounds="[72,1896][368,2040]" drawing-order="0" hint=""
Found match in line: node index="0" text="今天" resource-id="" class="android.widget.TextView" package="com.pomodoroalert" content-desc="" checkable="false" checked="false" clickable="false" enabled="true" focusable="false" focused="false" scrollable="false" long-clickable="false" password="false" selected="false" bounds="[183,1932][258,2004]" drawing-order="0" hint="" /
Found match in line: node index="15" text="" resource-id="" class="android.view.View" package="com.pomodoroalert" content-desc="" checkable="false" checked="false" clickable="true" enabled="true" focusable="true" focused="false" scrollable="false" long-clickable="false" password="false" selected="false" bounds="[392,1896][688,2040]" drawing-order="0" hint=""
Found match in line: node index="0" text="明天" resource-id="" class="android.widget.TextView" package="com.pomodoroalert" content-desc="" checkable="false" checked="false" clickable="false" enabled="true" focusable="false" focused="false" scrollable="false" long-clickable="false" password="false" selected="false" bounds="[503,1932][578,2004]" drawing-order="0" hint="" /
Found match in line: node index="16" text="" resource-id="" class="android.view.View" package="com.pomodoroalert" content-desc="" checkable="false" checked="false" clickable="true" enabled="true" focusable="true" focused="false" scrollable="false" long-clickable="false" password="false" selected="false" bounds="[712,1896][1008,2040]" drawing-order="0" hint=""
Found match in line: node index="0" text="无日期" resource-id="" class="android.widget.TextView" package="com.pomodoroalert" content-desc="" checkable="false" checked="false" clickable="false" enabled="true" focusable="false" focused="false" scrollable="false" long-clickable="false" password="false" selected="false" bounds="[804,1932][916,2004]" drawing-order="0" hint="" /
Found match in line: node index="17" text="" resource-id="" class="android.view.View" package="com.pomodoroalert" content-desc="" checkable="false" checked="false" clickable="true" enabled="true" focusable="true" focused="false" scrollable="false" long-clickable="false" password="false" selected="false" bounds="[72,2112][1008,2256]" drawing-order="0" hint=""
Found match in line: node index="0" text="添加任务" resource-id="" class="android.widget.TextView" package="com.pomodoroalert" content-desc="" checkable="false" checked="false" clickable="false" enabled="true" focusable="false" focused="false" scrollable="false" long-clickable="false" password="false" selected="false" bounds="[443,2154][637,2214]" drawing-order="0" hint="" /
Found match in line: node index="1" text="" resource-id="" class="android.widget.Button" package="com.pomodoroalert" content-desc="" checkable="false" checked="false" clickable="false" enabled="true" focusable="false" focused="false" scrollable="false" long-clickable="false" password="false" selected="false" bounds="[72,2112][1008,2256]" drawing-order="0" hint="" /
SUCCESS: In progress task is now shown on Home screen!
